---
source: tests/integration/image/recent.rs
expression: body

---
{
  "code": 409,
  "message": "An image with the same ID already exists in recent images list for user"
}
