---
source: tests/integration/jig/additional_resource.rs
expression: body

---
{
  "url": "{\"url\":\"url://updated.s.s\"}"
}
