---
source: tests/integration/jig/draft.rs
expression: body

---
{
  "id": "[id]"
}
