---
source: tests/integration/jig/additional_resource.rs
expression: body

---
{
  "id": "[id]"
}
