---
source: tests/integration/jig.rs
expression: body

---
{
  "jig": {
    "id": "[id]",
    "display_name": null,
    "modules": [
      {
        "id": "[id]",
        "kind": "Cover"
      },
      {
        "id": "[id]",
        "kind": null
      }
    ],
    "age_ranges": [],
    "affiliations": [],
    "goals": [],
    "creator_id": "1f241e1b-b537-493f-a230-075cb16315be",
    "author_id": "1f241e1b-b537-493f-a230-075cb16315be",
    "language": "en",
    "categories": [],
    "publish_at": null,
    "additional_resources": []
  }
}
