---
source: tests/integration/image.rs
expression: body

---
{
  "index": 3,
  "id": "[id]"
}
