---
source: tests/integration/jig.rs
expression: body

---
{
  "jig": {
    "id": "0cc084bc-7c83-11eb-9f77-e3218dffb008",
    "display_name": "",
    "modules": [
      {
        "id": "0cbfdd82-7c83-11eb-9f77-d7d86264c3bc",
        "kind": "Cover"
      },
      {
        "id": "0cc03a02-7c83-11eb-9f77-f77f9ad65e9a",
        "kind": null
      }
    ],
    "age_ranges": [],
    "affiliations": [],
    "goals": [],
    "creator_id": "1f241e1b-b537-493f-a230-075cb16315be",
    "author_id": "1f241e1b-b537-493f-a230-075cb16315be",
    "language": "en",
    "categories": [],
    "publish_at": null,
    "additional_resources": [
      "41b8d0b4-aaff-4942-88ba-1a32fecdbd23",
      "7a227007-b957-4601-bf15-87a6b86da672"
    ]
  }
}
