---
source: tests/integration/animation.rs
expression: body

---
{
  "metadata": {
    "id": "3de4bcb6-7d23-11eb-8c8a-fbaee84afb0a",
    "name": "test",
    "description": "testest",
    "is_premium": false,
    "publish_at": null,
    "styles": [
      "6389ff7c-de76-11ea-b7ab-9b5661dd4f70"
    ],
    "kind": "Gif",
    "is_looping": false,
    "created_at": "2021-03-04T19:53:08.062618Z",
    "updated_at": "[timestamp]"
  }
}
